c:\users\lenovo\documents\projects\ttr\out\build\asan-x64\cmakefiles\generate.stamp
c:\users\lenovo\documents\projects\ttr\out\build\asan-x64\release\ttr_common.lib
c:\users\lenovo\documents\projects\ttr\out\build\asan-x64\ttr_common.dir\release\.d.json
c:\users\lenovo\documents\projects\ttr\out\build\asan-x64\ttr_common.dir\release\sha256.obj
c:\users\lenovo\documents\projects\ttr\out\build\asan-x64\ttr_common.dir\release\manifest.obj
c:\users\lenovo\documents\projects\ttr\out\build\asan-x64\ttr_common.dir\release\pe_identity.obj
c:\users\lenovo\documents\projects\ttr\out\build\asan-x64\ttr_common.dir\release\pe_identity.cpp.module.json
c:\users\lenovo\documents\projects\ttr\out\build\asan-x64\ttr_common.dir\release\manifest.cpp.module.json
c:\users\lenovo\documents\projects\ttr\out\build\asan-x64\ttr_common.dir\release\sha256.cpp.module.json
c:\users\lenovo\documents\projects\ttr\out\build\asan-x64\release\ttr_common.pdb
c:\users\lenovo\documents\projects\ttr\out\build\asan-x64\ttr_common.dir\release\ttr_common.tlog\cl.command.1.tlog
c:\users\lenovo\documents\projects\ttr\out\build\asan-x64\ttr_common.dir\release\ttr_common.tlog\cl.items.tlog
c:\users\lenovo\documents\projects\ttr\out\build\asan-x64\ttr_common.dir\release\ttr_common.tlog\custombuild.command.1.tlog
c:\users\lenovo\documents\projects\ttr\out\build\asan-x64\ttr_common.dir\release\ttr_common.tlog\custombuild.read.1.tlog
c:\users\lenovo\documents\projects\ttr\out\build\asan-x64\ttr_common.dir\release\ttr_common.tlog\custombuild.write.1.tlog
c:\users\lenovo\documents\projects\ttr\out\build\asan-x64\ttr_common.dir\release\ttr_common.tlog\lib-link.read.1.tlog
c:\users\lenovo\documents\projects\ttr\out\build\asan-x64\ttr_common.dir\release\ttr_common.tlog\lib-link.write.1.tlog
c:\users\lenovo\documents\projects\ttr\out\build\asan-x64\ttr_common.dir\release\ttr_common.tlog\lib.command.1.tlog
c:\users\lenovo\documents\projects\ttr\out\build\asan-x64\ttr_common.dir\release\ttr_common.tlog\microsoft.build.cpptasks.cl.read.1.tlog
c:\users\lenovo\documents\projects\ttr\out\build\asan-x64\ttr_common.dir\release\ttr_common.tlog\microsoft.build.cpptasks.cl.write.1.tlog
c:\users\lenovo\documents\projects\ttr\out\build\asan-x64\ttr_common.dir\release\ttr_common_md.tlog\cl.command.1.tlog
c:\users\lenovo\documents\projects\ttr\out\build\asan-x64\ttr_common.dir\release\ttr_common_md.tlog\microsoft.build.cpptasks.cl.read.1.tlog
c:\users\lenovo\documents\projects\ttr\out\build\asan-x64\ttr_common.dir\release\ttr_common_md.tlog\microsoft.build.cpptasks.cl.write.1.tlog
